
Allocating common symbols
Common symbol       size              file

Sensor_State_status
                    0x1               main.o
Monitor_STATE       0x4               Monitor.o
Algo_State_status   0x1               main.o
PS_STATE            0x4               Pressure_Sensor.o
Monitor_State_status
                    0x1               main.o
Algo_STATE          0x4               Main_Algo.o

Memory Configuration

Name             Origin             Length             Attributes
FLASH            0x00000000         0x20000000         xr
SRAM             0x20000000         0x20000000         xrw
*default*        0x00000000         0xffffffff

Linker script and memory map


.text           0x00000000      0x32c
 *(.vectors*)
 .vectors       0x00000000       0x10 startup.o
                0x00000000                g_p_fn_vectors
 *(.text*)
 .text          0x00000010       0xc4 driver.o
                0x00000010                Delay
                0x00000030                getPressureVal
                0x00000048                Set_Alarm_actuator
                0x00000084                GPIO_INITIALIZATION
 .text          0x000000d4       0x68 main.o
                0x000000d4                setup
                0x00000110                main
 .text          0x0000013c       0x64 Main_Algo.o
                0x0000013c                Sensor_Algo
                0x00000168                High_Pressure_Detection
 .text          0x000001a0       0x90 Monitor.o
                0x000001a0                Monitor_Init
                0x000001ac                Algo_Monitor
                0x000001c8                Alarm_ON
                0x000001f0                Alarm_OFF
                0x00000208                Monitor_Waiting
 .text          0x00000230       0x6c Pressure_Sensor.o
                0x00000230                PS_init
                0x0000023c                PS_Reading
                0x00000274                PS_Waiting
 .text          0x0000029c       0x90 startup.o
                0x0000029c                H_Fault_Handler
                0x0000029c                Default_Handler
                0x0000029c                NMI_Handler
                0x000002a8                Reset_Handler
 *(.rodata)
                0x0000032c                _END_text = .

.glue_7         0x0000032c        0x0
 .glue_7        0x0000032c        0x0 linker stubs

.glue_7t        0x0000032c        0x0
 .glue_7t       0x0000032c        0x0 linker stubs

.vfp11_veneer   0x0000032c        0x0
 .vfp11_veneer  0x0000032c        0x0 linker stubs

.v4_bx          0x0000032c        0x0
 .v4_bx         0x0000032c        0x0 linker stubs

.iplt           0x0000032c        0x0
 .iplt          0x0000032c        0x0 driver.o

.rel.dyn        0x0000032c        0x0
 .rel.iplt      0x0000032c        0x0 driver.o

.data           0x20000000        0x4 load address 0x0000032c
                0x20000000                _Start_data = .
 *(.data)
 .data          0x20000000        0x0 driver.o
 .data          0x20000000        0x0 main.o
 .data          0x20000000        0x4 Main_Algo.o
                0x20000000                Threshold
 .data          0x20000004        0x0 Monitor.o
 .data          0x20000004        0x0 Pressure_Sensor.o
 .data          0x20000004        0x0 startup.o
                0x20000004                . = ALIGN (0x4)
                0x20000004                _END_data = .

.igot.plt       0x20000004        0x0 load address 0x00000330
 .igot.plt      0x20000004        0x0 driver.o

.bss            0x20000004      0x418 load address 0x00000330
                0x20000004                _Start_bss = .
 *(.bss)
 .bss           0x20000004        0x0 driver.o
 .bss           0x20000004        0x0 main.o
 .bss           0x20000004        0x4 Main_Algo.o
                0x20000004                PVal
 .bss           0x20000008        0x0 Monitor.o
 .bss           0x20000008        0x4 Pressure_Sensor.o
                0x20000008                Sensor_reading
 .bss           0x2000000c      0x400 startup.o
                0x2000040c                _END_bss = .
 COMMON         0x2000040c        0x3 main.o
                0x2000040c                Sensor_State_status
                0x2000040d                Algo_State_status
                0x2000040e                Monitor_State_status
 *fill*         0x2000040f        0x1 
 COMMON         0x20000410        0x4 Main_Algo.o
                0x20000410                Algo_STATE
 COMMON         0x20000414        0x4 Monitor.o
                0x20000414                Monitor_STATE
 COMMON         0x20000418        0x4 Pressure_Sensor.o
                0x20000418                PS_STATE
LOAD driver.o
LOAD main.o
LOAD Main_Algo.o
LOAD Monitor.o
LOAD Pressure_Sensor.o
LOAD startup.o
OUTPUT(First_Term.elf elf32-littlearm)

.debug_info     0x00000000     0x2b09
 .debug_info    0x00000000      0xa05 driver.o
 .debug_info    0x00000a05      0xa5b main.o
 .debug_info    0x00001460       0xdf Main_Algo.o
 .debug_info    0x0000153f      0xa37 Monitor.o
 .debug_info    0x00001f76      0xa19 Pressure_Sensor.o
 .debug_info    0x0000298f      0x17a startup.o

.debug_abbrev   0x00000000      0x915
 .debug_abbrev  0x00000000      0x1de driver.o
 .debug_abbrev  0x000001de      0x1d6 main.o
 .debug_abbrev  0x000003b4       0xc5 Main_Algo.o
 .debug_abbrev  0x00000479      0x1e1 Monitor.o
 .debug_abbrev  0x0000065a      0x1e1 Pressure_Sensor.o
 .debug_abbrev  0x0000083b       0xda startup.o

.debug_loc      0x00000000      0x444
 .debug_loc     0x00000000      0x140 driver.o
 .debug_loc     0x00000140       0x58 main.o
 .debug_loc     0x00000198       0x88 Main_Algo.o
 .debug_loc     0x00000220      0x10c Monitor.o
 .debug_loc     0x0000032c       0x9c Pressure_Sensor.o
 .debug_loc     0x000003c8       0x7c startup.o

.debug_aranges  0x00000000       0xc0
 .debug_aranges
                0x00000000       0x20 driver.o
 .debug_aranges
                0x00000020       0x20 main.o
 .debug_aranges
                0x00000040       0x20 Main_Algo.o
 .debug_aranges
                0x00000060       0x20 Monitor.o
 .debug_aranges
                0x00000080       0x20 Pressure_Sensor.o
 .debug_aranges
                0x000000a0       0x20 startup.o

.debug_line     0x00000000      0x534
 .debug_line    0x00000000      0x153 driver.o
 .debug_line    0x00000153      0x127 main.o
 .debug_line    0x0000027a       0x57 Main_Algo.o
 .debug_line    0x000002d1       0xf9 Monitor.o
 .debug_line    0x000003ca      0x103 Pressure_Sensor.o
 .debug_line    0x000004cd       0x67 startup.o

.debug_str      0x00000000      0x712
 .debug_str     0x00000000      0x4f8 driver.o
                                0x565 (size before relaxing)
 .debug_str     0x000004f8       0xc0 main.o
                                0x5cd (size before relaxing)
 .debug_str     0x000005b8       0x3f Main_Algo.o
                                0x123 (size before relaxing)
 .debug_str     0x000005f7       0x47 Monitor.o
                                0x58d (size before relaxing)
 .debug_str     0x0000063e       0x3f Pressure_Sensor.o
                                0x57f (size before relaxing)
 .debug_str     0x0000067d       0x95 startup.o
                                0x156 (size before relaxing)

.comment        0x00000000       0x7e
 .comment       0x00000000       0x7e driver.o
                                 0x7f (size before relaxing)
 .comment       0x0000007e       0x7f main.o
 .comment       0x0000007e       0x7f Main_Algo.o
 .comment       0x0000007e       0x7f Monitor.o
 .comment       0x0000007e       0x7f Pressure_Sensor.o
 .comment       0x0000007e       0x7f startup.o

.ARM.attributes
                0x00000000       0x33
 .ARM.attributes
                0x00000000       0x33 driver.o
 .ARM.attributes
                0x00000033       0x33 main.o
 .ARM.attributes
                0x00000066       0x33 Main_Algo.o
 .ARM.attributes
                0x00000099       0x33 Monitor.o
 .ARM.attributes
                0x000000cc       0x33 Pressure_Sensor.o
 .ARM.attributes
                0x000000ff       0x33 startup.o

.debug_frame    0x00000000      0x298
 .debug_frame   0x00000000       0xa0 driver.o
 .debug_frame   0x000000a0       0x48 main.o
 .debug_frame   0x000000e8       0x54 Main_Algo.o
 .debug_frame   0x0000013c       0xa4 Monitor.o
 .debug_frame   0x000001e0       0x68 Pressure_Sensor.o
 .debug_frame   0x00000248       0x50 startup.o
