
Memory Configuration

Name             Origin             Length             Attributes
FLASH            0x00000000         0x20000000         xr
SRAM             0x20000000         0x20000000         xrw
*default*        0x00000000         0xffffffff

Linker script and memory map


.text           0x00000000      0x11c
 *(.vectors*)
 .vectors       0x00000000       0x10 startup.o
                0x00000000                g_p_fn_vectors
 *(.text*)
 .text          0x00000010       0x7c main.o
                0x00000010                main
 .text          0x0000008c       0x90 startup.o
                0x0000008c                H_Fault_Handler
                0x0000008c                Default_Handler
                0x0000008c                NMI_Handler
                0x00000098                Reset_Handler
 *(.rodata)
                0x0000011c                _END_text = .

.glue_7         0x0000011c        0x0
 .glue_7        0x0000011c        0x0 linker stubs

.glue_7t        0x0000011c        0x0
 .glue_7t       0x0000011c        0x0 linker stubs

.vfp11_veneer   0x0000011c        0x0
 .vfp11_veneer  0x0000011c        0x0 linker stubs

.v4_bx          0x0000011c        0x0
 .v4_bx         0x0000011c        0x0 linker stubs

.iplt           0x0000011c        0x0
 .iplt          0x0000011c        0x0 main.o

.rel.dyn        0x0000011c        0x0
 .rel.iplt      0x0000011c        0x0 main.o

.data           0x20000000        0x4 load address 0x0000011c
                0x20000000                _Start_data = .
 *(.data)
 .data          0x20000000        0x4 main.o
                0x20000000                R_ODR
 .data          0x20000004        0x0 startup.o
                0x20000004                . = ALIGN (0x4)
                0x20000004                _END_data = .

.igot.plt       0x20000004        0x0 load address 0x00000120
 .igot.plt      0x20000004        0x0 main.o

.bss            0x20000004      0x400 load address 0x00000120
                0x20000004                _Start_bss = .
 *(.bss)
 .bss           0x20000004        0x0 main.o
 .bss           0x20000004      0x400 startup.o
                0x20000404                _END_bss = .
LOAD main.o
LOAD startup.o
OUTPUT(learn-in-depth-cortex_m3.elf elf32-littlearm)

.debug_info     0x00000000      0xbb1
 .debug_info    0x00000000      0xa37 main.o
 .debug_info    0x00000a37      0x17a startup.o

.debug_abbrev   0x00000000      0x2b1
 .debug_abbrev  0x00000000      0x1d7 main.o
 .debug_abbrev  0x000001d7       0xda startup.o

.debug_loc      0x00000000       0xb4
 .debug_loc     0x00000000       0x38 main.o
 .debug_loc     0x00000038       0x7c startup.o

.debug_aranges  0x00000000       0x40
 .debug_aranges
                0x00000000       0x20 main.o
 .debug_aranges
                0x00000020       0x20 startup.o

.debug_line     0x00000000      0x160
 .debug_line    0x00000000       0xf9 main.o
 .debug_line    0x000000f9       0x67 startup.o

.debug_str      0x00000000      0x569
 .debug_str     0x00000000      0x4d4 main.o
                                0x538 (size before relaxing)
 .debug_str     0x000004d4       0x95 startup.o
                                0x157 (size before relaxing)

.comment        0x00000000       0x7e
 .comment       0x00000000       0x7e main.o
                                 0x7f (size before relaxing)
 .comment       0x0000007e       0x7f startup.o

.ARM.attributes
                0x00000000       0x33
 .ARM.attributes
                0x00000000       0x33 main.o
 .ARM.attributes
                0x00000033       0x33 startup.o

.debug_frame    0x00000000       0x7c
 .debug_frame   0x00000000       0x2c main.o
 .debug_frame   0x0000002c       0x50 startup.o
