
Memory Configuration

Name             Origin             Length             Attributes
FLASH            0x00000000         0x20000000         xr
SRAM             0x20000000         0x20000000         xrw
*default*        0x00000000         0xffffffff

Linker script and memory map


.text           0x00000000      0x124
 *(.vectors*)
 .vectors       0x00000000       0x10 startup.o
                0x00000000                g_p_fn_vectors
 *(.text*)
 .text          0x00000010       0x84 main.o
                0x00000010                main
 .text          0x00000094       0x90 startup.o
                0x00000094                H_Fault_Handler
                0x00000094                Default_Handler
                0x00000094                NMI_Handler
                0x000000a0                Reset_Handler
 *(.rodata)
                0x00000124                _END_text = .

.glue_7         0x00000124        0x0
 .glue_7        0x00000000        0x0 linker stubs

.glue_7t        0x00000124        0x0
 .glue_7t       0x00000000        0x0 linker stubs

.vfp11_veneer   0x00000124        0x0
 .vfp11_veneer  0x00000000        0x0 linker stubs

.v4_bx          0x00000124        0x0
 .v4_bx         0x00000000        0x0 linker stubs

.iplt           0x00000124        0x0
 .iplt          0x00000000        0x0 main.o

.rel.dyn        0x00000124        0x0
 .rel.iplt      0x00000000        0x0 main.o

.data           0x20000000        0x0 load address 0x00000124
                0x20000000                _Start_data = .
 *(.data)
 .data          0x20000000        0x0 main.o
 .data          0x20000000        0x0 startup.o
                0x20000000                . = ALIGN (0x4)
                0x20000000                _END_data = .

.igot.plt       0x20000000        0x0 load address 0x00000124
 .igot.plt      0x00000000        0x0 main.o

.bss            0x20000000      0x400 load address 0x00000124
                0x20000000                _Start_bss = .
 *(.bss)
 .bss           0x20000000        0x0 main.o
 .bss           0x20000000      0x400 startup.o
                0x20000400                _END_bss = .
LOAD main.o
LOAD startup.o
OUTPUT(learn-in-depth-cortex_m4.elf elf32-littlearm)

.debug_info     0x00000000      0xb1d
 .debug_info    0x00000000      0x9a3 main.o
 .debug_info    0x000009a3      0x17a startup.o

.debug_abbrev   0x00000000      0x26a
 .debug_abbrev  0x00000000      0x190 main.o
 .debug_abbrev  0x00000190       0xda startup.o

.debug_loc      0x00000000       0xb4
 .debug_loc     0x00000000       0x38 main.o
 .debug_loc     0x00000038       0x7c startup.o

.debug_aranges  0x00000000       0x40
 .debug_aranges
                0x00000000       0x20 main.o
 .debug_aranges
                0x00000020       0x20 startup.o

.debug_line     0x00000000      0x193
 .debug_line    0x00000000      0x12c main.o
 .debug_line    0x0000012c       0x67 startup.o

.debug_str      0x00000000      0x55d
 .debug_str     0x00000000      0x4c8 main.o
                                0x52c (size before relaxing)
 .debug_str     0x000004c8       0x95 startup.o
                                0x16b (size before relaxing)

.comment        0x00000000       0x7e
 .comment       0x00000000       0x7e main.o
                                 0x7f (size before relaxing)
 .comment       0x00000000       0x7f startup.o

.ARM.attributes
                0x00000000       0x33
 .ARM.attributes
                0x00000000       0x33 main.o
 .ARM.attributes
                0x00000033       0x33 startup.o

.debug_frame    0x00000000       0x7c
 .debug_frame   0x00000000       0x2c main.o
 .debug_frame   0x0000002c       0x50 startup.o
